Script started on 2026-08-19 18:23:24+09:00 [<not executed on terminal>]
>>> Starting Agent Boot Sequence...
[1/6] Checking User Account               [OK]
   ... Running as service user 'agent-admin' (uid=1000)
[2/6] Verifying Environment Variables     [OK]
   ... All required Envs correct
[3/6] Checking Required Files             [OK]
   ... Verified 'secret.key' with correct key string.
[4/6] Checking Port Availability          [OK]
   ... Port 15034 is available.
[5/6] Verifying Log Permission            [OK]
   ... Log directory is writable: /var/log/agent-app
[6/6] Verifying Mission Environment       [OK]
   ... MEMORY_LIMIT=256MB, CPU_MAX_OCCUPY=30%, MULTI_THREAD_ENABLE=False
------------------------------------------------------------
All Boot Checks Passed!
Agent READY
2026-08-19 18:23:24,263 [INFO] [SafetyGuard] Process priority lowered (nice=10).
2026-08-19 18:23:24,263 [INFO] Agent listening at port 15034

==================================================
 [ Agent Initiate ] Resource Check 
==================================================
 [ MEMORY ] Limit: 256MB 		[ WARNING: Recommend Over 256MB ]
 [ CPU    ] Limit: 30%  		[ OK ]
 [ THREAD ] Concurrency: False 		[ OK ]
--------------------------------------------------
 >>> SYSTEM STATUS: STABLE. STARTING WORKLOAD MONITORING...
==================================================

2026-08-19 18:23:26,288 [INFO] [MemoryWorker] Current Heap: 25MB
2026-08-19 18:23:29,318 [INFO] [MemoryWorker] Current Heap: 50MB
2026-08-19 18:23:32,355 [INFO] [MemoryWorker] Current Heap: 75MB
2026-08-19 18:23:35,408 [INFO] [MemoryWorker] Current Heap: 100MB
2026-08-19 18:23:38,459 [INFO] [MemoryWorker] Current Heap: 125MB
2026-08-19 18:23:41,525 [INFO] [MemoryWorker] Current Heap: 150MB
2026-08-19 18:23:44,557 [INFO] [MemoryWorker] Current Heap: 175MB
2026-08-19 18:23:47,605 [INFO] [MemoryWorker] Current Heap: 200MB
2026-08-19 18:23:50,678 [INFO] [MemoryWorker] Current Heap: 225MB
2026-08-19 18:23:53,694 [INFO] [MemoryWorker] Current Heap: 250MB
2026-08-19 18:23:56,727 [INFO] [MemoryWorker] Current Heap: 275MB
2026-08-19 18:23:56,730 [CRITICAL] [MemoryGuard] Memory limit exceeded (275MB >= 256MB) / (Recommend Over 256MB)
2026-08-19 18:23:56,730 [CRITICAL] [MemoryGuard] Self-terminating process 571 to prevent system instability.


>>> [SYSTEM] SELF-TERMINATED (Memory Limit Exceeded) <<<


Script done on 2026-08-19 18:23:56+09:00 [COMMAND_EXIT_CODE="137"]
