Script started on 2026-08-19 18:23:16+09:00 [<not executed on terminal>]
>>> Starting Agent Boot Sequence...
[1/6] Checking User Account               [OK]
   ... Running as service user 'agent-admin' (uid=1000)
[2/6] Verifying Environment Variables     [OK]
   ... All required Envs correct
[3/6] Checking Required Files             [OK]
   ... Verified 'secret.key' with correct key string.
[4/6] Checking Port Availability          [OK]
   ... Port 15034 is available.
[5/6] Verifying Log Permission            [OK]
   ... Log directory is writable: /var/log/agent-app
[6/6] Verifying Mission Environment       [OK]
   ... MEMORY_LIMIT=50MB, CPU_MAX_OCCUPY=30%, MULTI_THREAD_ENABLE=False
------------------------------------------------------------
All Boot Checks Passed!
Agent READY
2026-08-19 18:23:16,972 [INFO] [SafetyGuard] Process priority lowered (nice=10).
2026-08-19 18:23:16,972 [INFO] Agent listening at port 15034

==================================================
 [ Agent Initiate ] Resource Check 
==================================================
 [ MEMORY ] Limit: 50MB 		[ WARNING: Recommend Over 256MB ]
 [ CPU    ] Limit: 30%  		[ OK ]
 [ THREAD ] Concurrency: False 		[ OK ]
--------------------------------------------------
 >>> SYSTEM STATUS: STABLE. STARTING WORKLOAD MONITORING...
==================================================

2026-08-19 18:23:18,998 [INFO] [MemoryWorker] Current Heap: 25MB
2026-08-19 18:23:22,031 [INFO] [MemoryWorker] Current Heap: 50MB
2026-08-19 18:23:22,032 [CRITICAL] [MemoryGuard] Memory limit exceeded (50MB >= 50MB) / (Recommend Over 256MB)
2026-08-19 18:23:22,032 [CRITICAL] [MemoryGuard] Self-terminating process 471 to prevent system instability.


>>> [SYSTEM] SELF-TERMINATED (Memory Limit Exceeded) <<<


Script done on 2026-08-19 18:23:22+09:00 [COMMAND_EXIT_CODE="137"]
