[2026-08-20 19:47:21] MONITOR START PROCESS:agent-leak-app PID:12479 INTERVAL:2s
[2026-08-20 19:47:21] SCOPE cpu_cores=8 mem_scope=cgroup mem_total=1024MB
[2026-08-20 19:47:21] LEGEND 좌측(PROCESS~THREADS)=대상 프로세스 / 우측(SYS_*~DISK)=시스템 전체
[2026-08-20 19:47:23] PROCESS:agent-leak-app PID:12479 STATE:S CPU:2.0% MEM:4.0% RSS:41MB THREADS:3 | SYS_CPU:0.6% SYS_MEM:7.6% SYS_AVAIL:946MB SYS_LOAD:0.47 DISK:4%
[2026-08-20 19:47:25] PROCESS:agent-leak-app PID:12479 STATE:S CPU:0% MEM:4.0% RSS:41MB THREADS:3 | SYS_CPU:0.3% SYS_MEM:7.6% SYS_AVAIL:945MB SYS_LOAD:0.47 DISK:4%
[2026-08-20 19:47:27] PROCESS:agent-leak-app PID:12479 STATE:S CPU:2.5% MEM:6.4% RSS:66MB THREADS:3 | SYS_CPU:0.4% SYS_MEM:10.1% SYS_AVAIL:920MB SYS_LOAD:0.43 DISK:4%
[2026-08-20 19:47:29] PROCESS:agent-leak-app PID:12479 STATE:S CPU:2.0% MEM:8.9% RSS:91MB THREADS:3 | SYS_CPU:0.6% SYS_MEM:12.5% SYS_AVAIL:895MB SYS_LOAD:0.43 DISK:4%
[2026-08-20 19:47:31] PROCESS:agent-leak-app PID:12479 STATE:S CPU:0.5% MEM:8.9% RSS:91MB THREADS:3 | SYS_CPU:1.5% SYS_MEM:12.5% SYS_AVAIL:895MB SYS_LOAD:0.43 DISK:4%
[2026-08-20 19:47:34] PROCESS:agent-leak-app PID:12479 STATE:S CPU:1.5% MEM:11.3% RSS:116MB THREADS:3 | SYS_CPU:0.7% SYS_MEM:14.9% SYS_AVAIL:870MB SYS_LOAD:0.39 DISK:4%
[2026-08-20 19:47:36] PROCESS:agent-leak-app PID:12479 STATE:S CPU:3.0% MEM:13.7% RSS:141MB THREADS:3 | SYS_CPU:0.5% SYS_MEM:17.4% SYS_AVAIL:845MB SYS_LOAD:0.39 DISK:4%
[2026-08-20 19:47:38] PROCESS:agent-leak-app PID:12479 STATE:S CPU:0% MEM:13.7% RSS:141MB THREADS:3 | SYS_CPU:0.3% SYS_MEM:17.4% SYS_AVAIL:845MB SYS_LOAD:0.36 DISK:4%
[2026-08-20 19:47:40] PROCESS:agent-leak-app PID:12479 STATE:S CPU:2.0% MEM:16.2% RSS:166MB THREADS:3 | SYS_CPU:0.6% SYS_MEM:19.8% SYS_AVAIL:820MB SYS_LOAD:0.36 DISK:4%
[2026-08-20 19:47:42] PROCESS:agent-leak-app PID:12479 STATE:S CPU:3.0% MEM:18.6% RSS:191MB THREADS:3 | SYS_CPU:1.0% SYS_MEM:22.3% SYS_AVAIL:794MB SYS_LOAD:0.36 DISK:4%
[2026-08-20 19:47:44] PROCESS:agent-leak-app PID:12479 STATE:S CPU:0% MEM:18.6% RSS:191MB THREADS:3 | SYS_CPU:0.2% SYS_MEM:22.3% SYS_AVAIL:795MB SYS_LOAD:0.49 DISK:4%
[2026-08-20 19:47:46] PROCESS:agent-leak-app PID:12479 STATE:S CPU:2.5% MEM:21.1% RSS:216MB THREADS:3 | SYS_CPU:0.7% SYS_MEM:24.6% SYS_AVAIL:771MB SYS_LOAD:0.49 DISK:4%
[2026-08-20 19:47:48] PROCESS:agent-leak-app PID:12479 STATE:S CPU:2.0% MEM:23.5% RSS:241MB THREADS:3 | SYS_CPU:0.5% SYS_MEM:27.1% SYS_AVAIL:745MB SYS_LOAD:0.45 DISK:4%
[2026-08-20 19:47:50] PROCESS:agent-leak-app PID:12479 STATE:S CPU:0% MEM:23.5% RSS:241MB THREADS:3 | SYS_CPU:0.3% SYS_MEM:27.2% SYS_AVAIL:745MB SYS_LOAD:0.45 DISK:4%
[2026-08-20 19:47:52] PROCESS:agent-leak-app PID:12479 STATE:S CPU:2.0% MEM:26.0% RSS:266MB THREADS:3 | SYS_CPU:0.9% SYS_MEM:29.7% SYS_AVAIL:719MB SYS_LOAD:0.45 DISK:4%
[2026-08-20 19:47:54] PROCESS:agent-leak-app PID:12479 STATE:S CPU:2.0% MEM:28.4% RSS:291MB THREADS:3 | SYS_CPU:0.4% SYS_MEM:32.1% SYS_AVAIL:694MB SYS_LOAD:0.42 DISK:4%
[2026-08-20 19:47:56] PROCESS:agent-leak-app PID:12479 STATE:S CPU:0.5% MEM:28.4% RSS:291MB THREADS:3 | SYS_CPU:3.4% SYS_MEM:32.1% SYS_AVAIL:695MB SYS_LOAD:0.42 DISK:4%
[2026-08-20 19:47:58] PROCESS:agent-leak-app PID:12479 STATE:S CPU:1.0% MEM:30.8% RSS:316MB THREADS:3 | SYS_CPU:0.6% SYS_MEM:34.5% SYS_AVAIL:670MB SYS_LOAD:0.38 DISK:4%
[2026-08-20 19:48:00] PROCESS:agent-leak-app PID:12479 STATE:S CPU:1.0% MEM:33.3% RSS:341MB THREADS:3 | SYS_CPU:0.5% SYS_MEM:36.9% SYS_AVAIL:645MB SYS_LOAD:0.38 DISK:4%
[2026-08-20 19:48:02] PROCESS:agent-leak-app PID:12479 STATE:S CPU:0.5% MEM:33.3% RSS:341MB THREADS:3 | SYS_CPU:0.9% SYS_MEM:37.0% SYS_AVAIL:644MB SYS_LOAD:0.38 DISK:4%
[2026-08-20 19:48:04] PROCESS:agent-leak-app PID:12479 STATE:S CPU:1.0% MEM:35.7% RSS:366MB THREADS:3 | SYS_CPU:0.5% SYS_MEM:39.4% SYS_AVAIL:619MB SYS_LOAD:0.35 DISK:4%
[2026-08-20 19:48:06] PROCESS:agent-leak-app PID:12479 STATE:S CPU:1.0% MEM:38.2% RSS:391MB THREADS:3 | SYS_CPU:2.2% SYS_MEM:41.9% SYS_AVAIL:594MB SYS_LOAD:0.35 DISK:4%
[2026-08-20 19:48:08] PROCESS:agent-leak-app PID:12479 STATE:S CPU:1.0% MEM:40.6% RSS:416MB THREADS:3 | SYS_CPU:5.2% SYS_MEM:44.3% SYS_AVAIL:569MB SYS_LOAD:0.32 DISK:4%
[2026-08-20 19:48:10] PROCESS:agent-leak-app PID:12479 STATE:S CPU:1.0% MEM:40.6% RSS:416MB THREADS:3 | SYS_CPU:0.8% SYS_MEM:44.3% SYS_AVAIL:570MB SYS_LOAD:0.32 DISK:4%
[2026-08-20 19:48:12] PROCESS:agent-leak-app PID:12479 STATE:S CPU:0% MEM:43.1% RSS:441MB THREADS:3 | SYS_CPU:0.6% SYS_MEM:46.7% SYS_AVAIL:545MB SYS_LOAD:0.32 DISK:4%
[2026-08-20 19:48:14] PROCESS:agent-leak-app PID:12479 STATE:S CPU:3.0% MEM:45.5% RSS:466MB THREADS:3 | SYS_CPU:0.7% SYS_MEM:49.2% SYS_AVAIL:519MB SYS_LOAD:0.38 DISK:4%
[2026-08-20 19:48:16] PROCESS:agent-leak-app PID:12479 STATE:S CPU:2.0% MEM:45.5% RSS:466MB THREADS:3 | SYS_CPU:0.4% SYS_MEM:49.1% SYS_AVAIL:520MB SYS_LOAD:0.38 DISK:4%
[2026-08-20 19:48:18] PROCESS:agent-leak-app PID:12479 STATE:S CPU:0.5% MEM:47.9% RSS:491MB THREADS:3 | SYS_CPU:0.4% SYS_MEM:51.6% SYS_AVAIL:494MB SYS_LOAD:0.35 DISK:4%
[2026-08-20 19:48:20] PROCESS:agent-leak-app PID:12479 STATE:S CPU:2.5% MEM:50.4% RSS:516MB THREADS:3 | SYS_CPU:1.3% SYS_MEM:54.1% SYS_AVAIL:469MB SYS_LOAD:0.35 DISK:4%
[2026-08-20 19:48:22] PROCESS:agent-leak-app PID:12479 STATE:S CPU:1.5% MEM:50.4% RSS:516MB THREADS:3 | SYS_CPU:2.9% SYS_MEM:54.2% SYS_AVAIL:468MB SYS_LOAD:0.32 DISK:4%
[2026-08-20 19:48:24] PROCESS:agent-leak-app PID:12479 STATE:S CPU:1.5% MEM:1.5% RSS:16MB THREADS:3 | SYS_CPU:0.5% SYS_MEM:5.2% SYS_AVAIL:970MB SYS_LOAD:0.32 DISK:4%
[2026-08-20 19:48:26] PROCESS:agent-leak-app PID:12479 STATE:S CPU:1.0% MEM:1.5% RSS:16MB THREADS:3 | SYS_CPU:0.3% SYS_MEM:5.2% SYS_AVAIL:970MB SYS_LOAD:0.32 DISK:4%
[2026-08-20 19:48:28] PROCESS:agent-leak-app PID:12479 STATE:S CPU:2.0% MEM:4.0% RSS:41MB THREADS:3 | SYS_CPU:0.6% SYS_MEM:7.6% SYS_AVAIL:945MB SYS_LOAD:0.29 DISK:4%
[2026-08-20 19:48:30] PROCESS:agent-leak-app PID:12479 STATE:S CPU:0% MEM:4.0% RSS:41MB THREADS:3 | SYS_CPU:0.2% SYS_MEM:7.6% SYS_AVAIL:945MB SYS_LOAD:0.29 DISK:4%
[2026-08-20 19:48:32] PROCESS:agent-leak-app PID:12479 STATE:S CPU:1.0% MEM:6.4% RSS:66MB THREADS:3 | SYS_CPU:1.8% SYS_MEM:10.0% SYS_AVAIL:921MB SYS_LOAD:0.27 DISK:4%
[2026-08-20 19:48:34] PROCESS:agent-leak-app PID:12479 STATE:S CPU:1.0% MEM:8.9% RSS:91MB THREADS:3 | SYS_CPU:0.4% SYS_MEM:12.5% SYS_AVAIL:895MB SYS_LOAD:0.27 DISK:4%
[2026-08-20 19:48:37] PROCESS:agent-leak-app PID:12479 STATE:S CPU:0% MEM:8.9% RSS:91MB THREADS:3 | SYS_CPU:0.3% SYS_MEM:12.5% SYS_AVAIL:895MB SYS_LOAD:0.27 DISK:4%
[2026-08-20 19:48:39] PROCESS:agent-leak-app PID:12479 STATE:S CPU:2.0% MEM:11.3% RSS:116MB THREADS:3 | SYS_CPU:0.4% SYS_MEM:14.9% SYS_AVAIL:870MB SYS_LOAD:0.25 DISK:4%
[2026-08-20 19:48:41] PROCESS:agent-leak-app PID:12479 STATE:S CPU:1.0% MEM:13.7% RSS:141MB THREADS:3 | SYS_CPU:0.5% SYS_MEM:17.4% SYS_AVAIL:845MB SYS_LOAD:0.25 DISK:4%
[2026-08-20 19:48:43] PROCESS:agent-leak-app PID:12479 STATE:S CPU:1.5% MEM:13.7% RSS:141MB THREADS:3 | SYS_CPU:1.4% SYS_MEM:17.3% SYS_AVAIL:845MB SYS_LOAD:0.39 DISK:4%
[2026-08-20 19:48:45] PROCESS:agent-leak-app PID:12479 STATE:S CPU:2.0% MEM:16.2% RSS:166MB THREADS:3 | SYS_CPU:0.7% SYS_MEM:19.9% SYS_AVAIL:820MB SYS_LOAD:0.39 DISK:4%
[2026-08-20 19:48:47] PROCESS:agent-leak-app PID:12479 STATE:S CPU:2.0% MEM:18.6% RSS:191MB THREADS:3 | SYS_CPU:0.4% SYS_MEM:22.2% SYS_AVAIL:795MB SYS_LOAD:0.39 DISK:4%
[2026-08-20 19:48:49] PROCESS:agent-leak-app PID:12479 STATE:S CPU:1.5% MEM:18.6% RSS:191MB THREADS:3 | SYS_CPU:0.5% SYS_MEM:22.3% SYS_AVAIL:794MB SYS_LOAD:0.36 DISK:4%
[2026-08-20 19:48:51] PROCESS:agent-leak-app PID:12479 STATE:S CPU:3.0% MEM:21.1% RSS:216MB THREADS:3 | SYS_CPU:0.5% SYS_MEM:24.7% SYS_AVAIL:770MB SYS_LOAD:0.36 DISK:4%
[2026-08-20 19:48:53] PROCESS:agent-leak-app PID:12479 STATE:S CPU:1.0% MEM:23.5% RSS:241MB THREADS:3 | SYS_CPU:2.0% SYS_MEM:27.2% SYS_AVAIL:745MB SYS_LOAD:0.33 DISK:4%
[2026-08-20 19:48:55] PROCESS:agent-leak-app PID:12479 STATE:S CPU:1.0% MEM:23.5% RSS:241MB THREADS:3 | SYS_CPU:0.4% SYS_MEM:27.2% SYS_AVAIL:744MB SYS_LOAD:0.33 DISK:4%
[2026-08-20 19:48:57] PROCESS:agent-leak-app PID:12479 STATE:S CPU:2.5% MEM:26.0% RSS:266MB THREADS:3 | SYS_CPU:0.6% SYS_MEM:29.6% SYS_AVAIL:720MB SYS_LOAD:0.33 DISK:4%
[2026-08-20 19:48:59] PROCESS:agent-leak-app PID:12479 STATE:S CPU:0.5% MEM:28.4% RSS:291MB THREADS:3 | SYS_CPU:0.4% SYS_MEM:32.1% SYS_AVAIL:694MB SYS_LOAD:0.30 DISK:4%
[2026-08-20 19:49:01] PROCESS:agent-leak-app PID:12479 STATE:S CPU:1.5% MEM:28.4% RSS:291MB THREADS:3 | SYS_CPU:0.4% SYS_MEM:32.1% SYS_AVAIL:694MB SYS_LOAD:0.30 DISK:4%
[2026-08-20 19:49:03] PROCESS:agent-leak-app PID:12479 STATE:S CPU:1.0% MEM:30.8% RSS:316MB THREADS:3 | SYS_CPU:2.0% SYS_MEM:34.6% SYS_AVAIL:669MB SYS_LOAD:0.28 DISK:4%
[2026-08-20 19:49:05] PROCESS:agent-leak-app PID:12479 STATE:S CPU:1.0% MEM:33.3% RSS:341MB THREADS:3 | SYS_CPU:0.6% SYS_MEM:37.0% SYS_AVAIL:645MB SYS_LOAD:0.28 DISK:4%
[2026-08-20 19:49:07] PROCESS:agent-leak-app PID:12479 STATE:S CPU:0.5% MEM:33.3% RSS:341MB THREADS:3 | SYS_CPU:2.0% SYS_MEM:36.9% SYS_AVAIL:645MB SYS_LOAD:0.28 DISK:4%
[2026-08-20 19:49:09] PROCESS:agent-leak-app PID:12479 STATE:S CPU:1.0% MEM:35.7% RSS:366MB THREADS:3 | SYS_CPU:0.4% SYS_MEM:39.5% SYS_AVAIL:619MB SYS_LOAD:0.26 DISK:4%
[2026-08-20 19:49:11] PROCESS:agent-leak-app PID:12479 STATE:S CPU:0% MEM:38.2% RSS:391MB THREADS:3 | SYS_CPU:0.5% SYS_MEM:41.9% SYS_AVAIL:594MB SYS_LOAD:0.26 DISK:4%
[2026-08-20 19:49:13] PROCESS:agent-leak-app PID:12479 STATE:S CPU:0.5% MEM:38.2% RSS:391MB THREADS:3 | SYS_CPU:0.6% SYS_MEM:41.8% SYS_AVAIL:594MB SYS_LOAD:0.23 DISK:4%
[2026-08-20 19:49:15] PROCESS:agent-leak-app PID:12479 STATE:S CPU:1.5% MEM:40.6% RSS:416MB THREADS:3 | SYS_CPU:0.4% SYS_MEM:44.3% SYS_AVAIL:569MB SYS_LOAD:0.23 DISK:4%
[2026-08-20 19:49:17] PROCESS:agent-leak-app PID:12479 STATE:S CPU:2.0% MEM:43.0% RSS:441MB THREADS:3 | SYS_CPU:0.6% SYS_MEM:46.7% SYS_AVAIL:545MB SYS_LOAD:0.23 DISK:4%
[2026-08-20 19:49:19] PROCESS:agent-leak-app PID:12479 STATE:S CPU:0.5% MEM:43.0% RSS:441MB THREADS:3 | SYS_CPU:0.8% SYS_MEM:46.7% SYS_AVAIL:544MB SYS_LOAD:0.22 DISK:4%
[2026-08-20 19:49:21] PROCESS:agent-leak-app PID:12479 STATE:S CPU:0.5% MEM:45.5% RSS:466MB THREADS:3 | SYS_CPU:0.7% SYS_MEM:49.2% SYS_AVAIL:519MB SYS_LOAD:0.22 DISK:4%
[2026-08-20 19:49:23] PROCESS:agent-leak-app PID:12479 STATE:S CPU:2.0% MEM:47.9% RSS:491MB THREADS:3 | SYS_CPU:1.3% SYS_MEM:51.6% SYS_AVAIL:494MB SYS_LOAD:0.20 DISK:4%
[2026-08-20 19:49:25] PROCESS:agent-leak-app PID:12479 STATE:S CPU:1.0% MEM:47.9% RSS:491MB THREADS:3 | SYS_CPU:0.5% SYS_MEM:51.6% SYS_AVAIL:495MB SYS_LOAD:0.20 DISK:4%
[2026-08-20 19:49:27] PROCESS:agent-leak-app PID:12479 STATE:S CPU:1.5% MEM:50.4% RSS:516MB THREADS:3 | SYS_CPU:0.4% SYS_MEM:54.1% SYS_AVAIL:469MB SYS_LOAD:0.18 DISK:4%
[2026-08-20 19:49:29] PROCESS:agent-leak-app PID:12479 STATE:S CPU:3.0% MEM:6.4% RSS:66MB THREADS:3 | SYS_CPU:0.7% SYS_MEM:10.0% SYS_AVAIL:920MB SYS_LOAD:0.18 DISK:4%
[2026-08-20 19:49:31] PROCESS:agent-leak-app PID:12479 STATE:S CPU:1.0% MEM:6.4% RSS:66MB THREADS:3 | SYS_CPU:0.9% SYS_MEM:10.0% SYS_AVAIL:920MB SYS_LOAD:0.18 DISK:4%
[2026-08-20 19:49:33] PROCESS:agent-leak-app PID:12479 STATE:S CPU:0% MEM:6.4% RSS:66MB THREADS:3 | SYS_CPU:0.8% SYS_MEM:10.1% SYS_AVAIL:920MB SYS_LOAD:0.17 DISK:4%
[2026-08-20 19:49:35] PROCESS:agent-leak-app PID:12479 STATE:S CPU:1.0% MEM:6.4% RSS:66MB THREADS:3 | SYS_CPU:0.4% SYS_MEM:10.1% SYS_AVAIL:920MB SYS_LOAD:0.17 DISK:4%
[2026-08-20 19:49:37] PROCESS:agent-leak-app PID:12479 STATE:S CPU:1.0% MEM:6.4% RSS:66MB THREADS:3 | SYS_CPU:0.4% SYS_MEM:10.0% SYS_AVAIL:920MB SYS_LOAD:0.31 DISK:4%
[2026-08-20 19:49:40] PROCESS:agent-leak-app PID:12479 STATE:S CPU:0% MEM:6.4% RSS:66MB THREADS:3 | SYS_CPU:0.4% SYS_MEM:10.0% SYS_AVAIL:921MB SYS_LOAD:0.31 DISK:4%
[2026-08-20 19:49:42] PROCESS:agent-leak-app PID:12479 STATE:S CPU:1.0% MEM:8.9% RSS:91MB THREADS:3 | SYS_CPU:1.2% SYS_MEM:12.5% SYS_AVAIL:895MB SYS_LOAD:0.31 DISK:4%
[2026-08-20 19:49:44] PROCESS:agent-leak-app PID:12479 STATE:S CPU:1.5% MEM:11.3% RSS:116MB THREADS:3 | SYS_CPU:1.2% SYS_MEM:15.0% SYS_AVAIL:870MB SYS_LOAD:0.29 DISK:4%
[2026-08-20 19:49:46] PROCESS:agent-leak-app PID:12479 STATE:S CPU:0% MEM:11.3% RSS:116MB THREADS:3 | SYS_CPU:0.5% SYS_MEM:14.9% SYS_AVAIL:871MB SYS_LOAD:0.29 DISK:4%
[2026-08-20 19:49:48] PROCESS:agent-leak-app PID:12479 STATE:S CPU:1.5% MEM:13.8% RSS:141MB THREADS:3 | SYS_CPU:0.4% SYS_MEM:17.3% SYS_AVAIL:846MB SYS_LOAD:0.27 DISK:4%
[2026-08-20 19:49:50] PROCESS:agent-leak-app PID:12479 STATE:S CPU:2.5% MEM:16.2% RSS:166MB THREADS:3 | SYS_CPU:0.6% SYS_MEM:19.8% SYS_AVAIL:820MB SYS_LOAD:0.27 DISK:4%
[2026-08-20 19:49:52] PROCESS:agent-leak-app PID:12479 STATE:S CPU:0% MEM:16.2% RSS:166MB THREADS:3 | SYS_CPU:1.6% SYS_MEM:19.8% SYS_AVAIL:820MB SYS_LOAD:0.27 DISK:4%
[2026-08-20 19:49:54] PROCESS:agent-leak-app PID:12479 STATE:S CPU:1.5% MEM:18.6% RSS:191MB THREADS:3 | SYS_CPU:0.9% SYS_MEM:22.3% SYS_AVAIL:795MB SYS_LOAD:0.56 DISK:4%
[2026-08-20 19:49:56] PROCESS:agent-leak-app PID:12479 STATE:S CPU:2.0% MEM:21.1% RSS:216MB THREADS:3 | SYS_CPU:0.5% SYS_MEM:24.7% SYS_AVAIL:770MB SYS_LOAD:0.56 DISK:4%
[2026-08-20 19:49:58] PROCESS:agent-leak-app PID:12479 STATE:S CPU:1.5% MEM:21.1% RSS:216MB THREADS:3 | SYS_CPU:0.3% SYS_MEM:24.8% SYS_AVAIL:769MB SYS_LOAD:0.52 DISK:4%
[2026-08-20 19:50:00] PROCESS:agent-leak-app PID:12479 STATE:S CPU:3.0% MEM:23.5% RSS:241MB THREADS:3 | SYS_CPU:0.6% SYS_MEM:27.2% SYS_AVAIL:745MB SYS_LOAD:0.52 DISK:4%
[2026-08-20 19:50:02] PROCESS:agent-leak-app PID:12479 STATE:S CPU:1.0% MEM:26.0% RSS:266MB THREADS:3 | SYS_CPU:0.8% SYS_MEM:29.6% SYS_AVAIL:720MB SYS_LOAD:0.52 DISK:4%
[2026-08-20 19:50:04] PROCESS:agent-leak-app PID:12479 STATE:S CPU:1.0% MEM:26.0% RSS:266MB THREADS:3 | SYS_CPU:0.9% SYS_MEM:29.6% SYS_AVAIL:720MB SYS_LOAD:0.48 DISK:4%
[2026-08-20 19:50:06] PROCESS:agent-leak-app PID:12479 STATE:S CPU:2.0% MEM:28.4% RSS:291MB THREADS:3 | SYS_CPU:0.9% SYS_MEM:32.1% SYS_AVAIL:694MB SYS_LOAD:0.48 DISK:4%
[2026-08-20 19:50:08] PROCESS:agent-leak-app PID:12479 STATE:S CPU:2.0% MEM:30.8% RSS:316MB THREADS:3 | SYS_CPU:1.4% SYS_MEM:34.5% SYS_AVAIL:670MB SYS_LOAD:0.44 DISK:4%
[2026-08-20 19:50:10] PROCESS:agent-leak-app PID:12479 STATE:S CPU:0.5% MEM:30.8% RSS:316MB THREADS:3 | SYS_CPU:0.6% SYS_MEM:34.5% SYS_AVAIL:670MB SYS_LOAD:0.44 DISK:4%
[2026-08-20 19:50:12] PROCESS:agent-leak-app PID:12479 STATE:S CPU:1.5% MEM:33.3% RSS:341MB THREADS:3 | SYS_CPU:0.8% SYS_MEM:37.0% SYS_AVAIL:644MB SYS_LOAD:0.44 DISK:4%
[2026-08-20 19:50:14] PROCESS:agent-leak-app PID:12479 STATE:S CPU:1.5% MEM:35.7% RSS:366MB THREADS:3 | SYS_CPU:0.9% SYS_MEM:39.4% SYS_AVAIL:619MB SYS_LOAD:0.40 DISK:4%
[2026-08-20 19:50:16] PROCESS:agent-leak-app PID:12479 STATE:S CPU:0.5% MEM:35.7% RSS:366MB THREADS:3 | SYS_CPU:0.4% SYS_MEM:39.4% SYS_AVAIL:619MB SYS_LOAD:0.40 DISK:4%
[2026-08-20 19:50:18] PROCESS:agent-leak-app PID:12479 STATE:S CPU:1.5% MEM:38.2% RSS:391MB THREADS:3 | SYS_CPU:0.5% SYS_MEM:41.8% SYS_AVAIL:595MB SYS_LOAD:0.53 DISK:4%
[2026-08-20 19:50:20] PROCESS:agent-leak-app PID:12479 STATE:S CPU:0.5% MEM:40.6% RSS:416MB THREADS:3 | SYS_CPU:1.3% SYS_MEM:44.3% SYS_AVAIL:569MB SYS_LOAD:0.53 DISK:4%
[2026-08-20 19:50:22] PROCESS:agent-leak-app PID:12479 STATE:S CPU:0.5% MEM:40.6% RSS:416MB THREADS:3 | SYS_CPU:0.9% SYS_MEM:44.3% SYS_AVAIL:569MB SYS_LOAD:0.65 DISK:4%
[2026-08-20 19:50:24] PROCESS:agent-leak-app PID:12479 STATE:S CPU:1.5% MEM:43.0% RSS:441MB THREADS:3 | SYS_CPU:1.1% SYS_MEM:46.8% SYS_AVAIL:544MB SYS_LOAD:0.65 DISK:4%
[2026-08-20 19:50:26] PROCESS:agent-leak-app PID:12479 STATE:S CPU:1.5% MEM:45.5% RSS:466MB THREADS:3 | SYS_CPU:0.4% SYS_MEM:49.2% SYS_AVAIL:519MB SYS_LOAD:0.65 DISK:4%
[2026-08-20 19:50:28] PROCESS:agent-leak-app PID:12479 STATE:S CPU:1.0% MEM:45.5% RSS:466MB THREADS:3 | SYS_CPU:0.3% SYS_MEM:49.2% SYS_AVAIL:519MB SYS_LOAD:0.60 DISK:4%
[2026-08-20 19:50:30] PROCESS:agent-leak-app PID:12479 STATE:S CPU:1.5% MEM:47.9% RSS:491MB THREADS:3 | SYS_CPU:0.6% SYS_MEM:51.6% SYS_AVAIL:494MB SYS_LOAD:0.60 DISK:4%
[2026-08-20 19:50:32] PROCESS:agent-leak-app PID:12479 STATE:S CPU:0.5% MEM:50.4% RSS:516MB THREADS:3 | SYS_CPU:1.3% SYS_MEM:54.1% SYS_AVAIL:469MB SYS_LOAD:0.55 DISK:4%
[2026-08-20 19:50:34] PROCESS:agent-leak-app PID:12479 STATE:S CPU:1.5% MEM:50.4% RSS:516MB THREADS:3 | SYS_CPU:1.0% SYS_MEM:54.1% SYS_AVAIL:469MB SYS_LOAD:0.55 DISK:4%
[2026-08-20 19:50:36] PROCESS:agent-leak-app PID:12479 STATE:S CPU:1.5% MEM:6.4% RSS:66MB THREADS:3 | SYS_CPU:0.4% SYS_MEM:10.0% SYS_AVAIL:921MB SYS_LOAD:0.55 DISK:4%
[2026-08-20 19:50:38] PROCESS:agent-leak-app PID:12479 STATE:S CPU:1.5% MEM:6.4% RSS:66MB THREADS:3 | SYS_CPU:0.6% SYS_MEM:10.1% SYS_AVAIL:920MB SYS_LOAD:0.50 DISK:4%
[2026-08-20 19:50:41] PROCESS:agent-leak-app PID:12479 STATE:S CPU:2.0% MEM:6.4% RSS:66MB THREADS:3 | SYS_CPU:0.6% SYS_MEM:10.1% SYS_AVAIL:920MB SYS_LOAD:0.50 DISK:4%
[2026-08-20 19:50:43] PROCESS:agent-leak-app PID:12479 STATE:S CPU:0.5% MEM:6.4% RSS:66MB THREADS:3 | SYS_CPU:0.9% SYS_MEM:10.1% SYS_AVAIL:920MB SYS_LOAD:0.46 DISK:4%
[2026-08-20 19:50:45] PROCESS:agent-leak-app PID:12479 STATE:S CPU:1.5% MEM:6.4% RSS:66MB THREADS:3 | SYS_CPU:1.1% SYS_MEM:10.0% SYS_AVAIL:920MB SYS_LOAD:0.46 DISK:4%
[2026-08-20 19:50:47] PROCESS:agent-leak-app PID:12479 STATE:S CPU:1.0% MEM:8.9% RSS:91MB THREADS:3 | SYS_CPU:0.4% SYS_MEM:12.5% SYS_AVAIL:895MB SYS_LOAD:0.46 DISK:4%
[2026-08-20 19:50:49] PROCESS:agent-leak-app PID:12479 STATE:S CPU:0% MEM:8.9% RSS:91MB THREADS:3 | SYS_CPU:0.3% SYS_MEM:12.5% SYS_AVAIL:895MB SYS_LOAD:0.43 DISK:4%
[2026-08-20 19:50:51] PROCESS:agent-leak-app PID:12479 STATE:S CPU:1.0% MEM:11.3% RSS:116MB THREADS:3 | SYS_CPU:0.4% SYS_MEM:15.0% SYS_AVAIL:869MB SYS_LOAD:0.43 DISK:4%
[2026-08-20 19:50:53] PROCESS:agent-leak-app PID:12479 STATE:S CPU:1.5% MEM:13.7% RSS:141MB THREADS:3 | SYS_CPU:0.9% SYS_MEM:17.3% SYS_AVAIL:846MB SYS_LOAD:0.47 DISK:4%
[2026-08-20 19:50:55] PROCESS:agent-leak-app PID:12479 STATE:S CPU:0.5% MEM:13.7% RSS:141MB THREADS:3 | SYS_CPU:1.2% SYS_MEM:17.4% SYS_AVAIL:844MB SYS_LOAD:0.47 DISK:4%
[2026-08-20 19:50:57] PROCESS:agent-leak-app PID:12479 STATE:S CPU:1.5% MEM:16.2% RSS:166MB THREADS:3 | SYS_CPU:0.3% SYS_MEM:19.9% SYS_AVAIL:820MB SYS_LOAD:0.47 DISK:4%
[2026-08-20 19:50:59] PROCESS:agent-leak-app PID:12479 STATE:S CPU:1.5% MEM:18.6% RSS:191MB THREADS:3 | SYS_CPU:0.5% SYS_MEM:22.3% SYS_AVAIL:795MB SYS_LOAD:0.43 DISK:4%
[2026-08-20 19:51:01] PROCESS:agent-leak-app PID:12479 STATE:S CPU:0% MEM:18.6% RSS:191MB THREADS:3 | SYS_CPU:0.8% SYS_MEM:22.3% SYS_AVAIL:795MB SYS_LOAD:0.43 DISK:4%
[2026-08-20 19:51:03] PROCESS:agent-leak-app PID:12479 STATE:S CPU:2.0% MEM:21.1% RSS:216MB THREADS:3 | SYS_CPU:1.1% SYS_MEM:24.7% SYS_AVAIL:770MB SYS_LOAD:0.40 DISK:4%
[2026-08-20 19:51:05] PROCESS:agent-leak-app PID:12479 STATE:S CPU:2.0% MEM:23.5% RSS:241MB THREADS:3 | SYS_CPU:1.2% SYS_MEM:27.2% SYS_AVAIL:745MB SYS_LOAD:0.40 DISK:4%
[2026-08-20 19:51:07] PROCESS:agent-leak-app PID:12479 STATE:S CPU:0% MEM:23.5% RSS:241MB THREADS:3 | SYS_CPU:1.7% SYS_MEM:27.2% SYS_AVAIL:745MB SYS_LOAD:0.40 DISK:4%
[2026-08-20 19:51:09] PROCESS:agent-leak-app PID:12479 STATE:S CPU:2.5% MEM:26.0% RSS:266MB THREADS:3 | SYS_CPU:0.7% SYS_MEM:29.7% SYS_AVAIL:719MB SYS_LOAD:0.37 DISK:4%
[2026-08-20 19:51:11] PROCESS:agent-leak-app PID:12479 STATE:S CPU:2.5% MEM:28.4% RSS:291MB THREADS:3 | SYS_CPU:0.5% SYS_MEM:32.1% SYS_AVAIL:695MB SYS_LOAD:0.37 DISK:4%
[2026-08-20 19:51:13] PROCESS:agent-leak-app PID:12479 STATE:S CPU:0% MEM:28.4% RSS:291MB THREADS:3 | SYS_CPU:0.6% SYS_MEM:32.0% SYS_AVAIL:695MB SYS_LOAD:0.34 DISK:4%
[2026-08-20 19:51:15] PROCESS:agent-leak-app PID:12479 STATE:S CPU:1.5% MEM:30.8% RSS:316MB THREADS:3 | SYS_CPU:1.1% SYS_MEM:34.5% SYS_AVAIL:669MB SYS_LOAD:0.34 DISK:4%
[2026-08-20 19:51:17] PROCESS:agent-leak-app PID:12479 STATE:S CPU:0% MEM:33.3% RSS:341MB THREADS:3 | SYS_CPU:0.3% SYS_MEM:36.9% SYS_AVAIL:645MB SYS_LOAD:0.34 DISK:4%
[2026-08-20 19:51:19] PROCESS:agent-leak-app PID:12479 STATE:S CPU:1.5% MEM:33.3% RSS:341MB THREADS:3 | SYS_CPU:1.2% SYS_MEM:37.0% SYS_AVAIL:644MB SYS_LOAD:0.31 DISK:4%
[2026-08-20 19:51:21] PROCESS:agent-leak-app PID:12479 STATE:S CPU:1.0% MEM:35.7% RSS:366MB THREADS:3 | SYS_CPU:0.8% SYS_MEM:39.4% SYS_AVAIL:619MB SYS_LOAD:0.31 DISK:4%
[2026-08-20 19:51:23] PROCESS:agent-leak-app PID:12479 STATE:S CPU:1.5% MEM:38.2% RSS:391MB THREADS:3 | SYS_CPU:0.9% SYS_MEM:41.8% SYS_AVAIL:595MB SYS_LOAD:0.29 DISK:4%
[2026-08-20 19:51:25] PROCESS:agent-leak-app PID:12479 STATE:S CPU:0.5% MEM:38.2% RSS:391MB THREADS:3 | SYS_CPU:0.6% SYS_MEM:41.9% SYS_AVAIL:594MB SYS_LOAD:0.29 DISK:4%
[2026-08-20 19:51:27] PROCESS:agent-leak-app PID:12479 STATE:S CPU:1.5% MEM:40.6% RSS:416MB THREADS:3 | SYS_CPU:0.5% SYS_MEM:44.2% SYS_AVAIL:570MB SYS_LOAD:0.26 DISK:4%
[2026-08-20 19:51:29] PROCESS:agent-leak-app PID:12479 STATE:S CPU:1.0% MEM:43.1% RSS:441MB THREADS:3 | SYS_CPU:0.5% SYS_MEM:46.7% SYS_AVAIL:545MB SYS_LOAD:0.26 DISK:4%
[2026-08-20 19:51:31] PROCESS:agent-leak-app PID:12479 STATE:S CPU:0.5% MEM:44.5% RSS:456MB THREADS:3 | SYS_CPU:1.8% SYS_MEM:49.2% SYS_AVAIL:519MB SYS_LOAD:0.26 DISK:4%
[2026-08-20 19:51:33] PROCESS:agent-leak-app PID:12479 STATE:S CPU:2.0% MEM:45.5% RSS:466MB THREADS:3 | SYS_CPU:0.9% SYS_MEM:49.2% SYS_AVAIL:520MB SYS_LOAD:0.24 DISK:4%
[2026-08-20 19:51:35] PROCESS:agent-leak-app PID:12479 STATE:S CPU:0.5% MEM:47.9% RSS:491MB THREADS:3 | SYS_CPU:0.6% SYS_MEM:51.5% SYS_AVAIL:496MB SYS_LOAD:0.24 DISK:4%
[2026-08-20 19:51:38] PROCESS:agent-leak-app PID:12479 STATE:S CPU:2.0% MEM:50.4% RSS:516MB THREADS:3 | SYS_CPU:0.5% SYS_MEM:54.1% SYS_AVAIL:469MB SYS_LOAD:0.22 DISK:4%
[2026-08-20 19:51:40] PROCESS:agent-leak-app PID:12479 STATE:S CPU:1.0% MEM:50.4% RSS:516MB THREADS:3 | SYS_CPU:0.5% SYS_MEM:54.1% SYS_AVAIL:469MB SYS_LOAD:0.22 DISK:4%
[2026-08-20 19:51:42] PROCESS:agent-leak-app PID:12479 STATE:S CPU:2.0% MEM:6.4% RSS:66MB THREADS:3 | SYS_CPU:1.6% SYS_MEM:10.0% SYS_AVAIL:920MB SYS_LOAD:0.22 DISK:4%
[2026-08-20 19:51:44] PROCESS:agent-leak-app PID:12479 STATE:S CPU:1.5% MEM:6.4% RSS:66MB THREADS:3 | SYS_CPU:1.7% SYS_MEM:10.1% SYS_AVAIL:919MB SYS_LOAD:0.20 DISK:4%
[2026-08-20 19:51:46] PROCESS:agent-leak-app PID:12479 STATE:S CPU:2.0% MEM:6.4% RSS:66MB THREADS:3 | SYS_CPU:1.3% SYS_MEM:10.1% SYS_AVAIL:920MB SYS_LOAD:0.20 DISK:4%
[2026-08-20 19:51:48] PROCESS:agent-leak-app PID:12479 STATE:S CPU:0% MEM:6.4% RSS:66MB THREADS:3 | SYS_CPU:0.3% SYS_MEM:10.1% SYS_AVAIL:920MB SYS_LOAD:0.19 DISK:4%
[2026-08-20 19:51:50] PROCESS:agent-leak-app PID:12479 STATE:S CPU:2.0% MEM:6.4% RSS:66MB THREADS:3 | SYS_CPU:0.5% SYS_MEM:10.0% SYS_AVAIL:920MB SYS_LOAD:0.19 DISK:4%
[2026-08-20 19:51:52] PROCESS:agent-leak-app PID:12479 STATE:S CPU:2.5% MEM:8.9% RSS:91MB THREADS:3 | SYS_CPU:0.9% SYS_MEM:12.5% SYS_AVAIL:895MB SYS_LOAD:0.19 DISK:4%
[2026-08-20 19:51:54] PROCESS:agent-leak-app PID:12479 STATE:S CPU:0% MEM:8.9% RSS:91MB THREADS:3 | SYS_CPU:0.8% SYS_MEM:12.5% SYS_AVAIL:895MB SYS_LOAD:0.17 DISK:4%
[2026-08-20 19:51:56] PROCESS:agent-leak-app PID:12479 STATE:S CPU:0.5% MEM:11.3% RSS:116MB THREADS:3 | SYS_CPU:0.4% SYS_MEM:14.9% SYS_AVAIL:870MB SYS_LOAD:0.17 DISK:4%
[2026-08-20 19:51:58] PROCESS:agent-leak-app PID:12479 STATE:S CPU:2.5% MEM:13.8% RSS:141MB THREADS:3 | SYS_CPU:0.4% SYS_MEM:17.4% SYS_AVAIL:845MB SYS_LOAD:0.16 DISK:4%
[2026-08-20 19:52:00] PROCESS:agent-leak-app PID:12479 STATE:S CPU:0% MEM:13.8% RSS:141MB THREADS:3 | SYS_CPU:0.7% SYS_MEM:17.4% SYS_AVAIL:845MB SYS_LOAD:0.16 DISK:4%
[2026-08-20 19:52:02] PROCESS:agent-leak-app PID:12479 STATE:S CPU:1.0% MEM:16.2% RSS:166MB THREADS:3 | SYS_CPU:1.0% SYS_MEM:19.8% SYS_AVAIL:820MB SYS_LOAD:0.16 DISK:4%
[2026-08-20 19:52:04] PROCESS:agent-leak-app PID:12479 STATE:S CPU:1.5% MEM:18.6% RSS:191MB THREADS:3 | SYS_CPU:1.5% SYS_MEM:22.3% SYS_AVAIL:795MB SYS_LOAD:0.14 DISK:4%
[2026-08-20 19:52:06] PROCESS:agent-leak-app PID:12479 STATE:S CPU:0.5% MEM:18.6% RSS:191MB THREADS:3 | SYS_CPU:0.4% SYS_MEM:22.3% SYS_AVAIL:795MB SYS_LOAD:0.14 DISK:4%
[2026-08-20 19:52:08] PROCESS:agent-leak-app PID:12479 STATE:S CPU:2.0% MEM:21.1% RSS:216MB THREADS:3 | SYS_CPU:1.3% SYS_MEM:24.8% SYS_AVAIL:769MB SYS_LOAD:0.13 DISK:4%
[2026-08-20 19:52:10] PROCESS:agent-leak-app PID:12479 STATE:S CPU:0.5% MEM:23.5% RSS:241MB THREADS:3 | SYS_CPU:0.6% SYS_MEM:27.1% SYS_AVAIL:745MB SYS_LOAD:0.13 DISK:4%
[2026-08-20 19:52:12] PROCESS:agent-leak-app PID:12479 STATE:S CPU:1.0% MEM:23.5% RSS:241MB THREADS:3 | SYS_CPU:0.7% SYS_MEM:27.1% SYS_AVAIL:745MB SYS_LOAD:0.13 DISK:4%
[2026-08-20 19:52:14] PROCESS:agent-leak-app PID:12479 STATE:S CPU:3.0% MEM:26.0% RSS:266MB THREADS:3 | SYS_CPU:1.1% SYS_MEM:29.6% SYS_AVAIL:720MB SYS_LOAD:0.12 DISK:4%
[2026-08-20 19:52:16] PROCESS:agent-leak-app PID:12479 STATE:S CPU:1.0% MEM:28.4% RSS:291MB THREADS:3 | SYS_CPU:0.9% SYS_MEM:32.1% SYS_AVAIL:694MB SYS_LOAD:0.12 DISK:4%
[2026-08-20 19:52:18] PROCESS:agent-leak-app PID:12479 STATE:S CPU:1.5% MEM:28.4% RSS:291MB THREADS:3 | SYS_CPU:0.5% SYS_MEM:32.0% SYS_AVAIL:695MB SYS_LOAD:0.11 DISK:4%
